../Core/Src/Bootloader.c:37:16:BL_u8CalculatePage	24	static
../Core/Src/Bootloader.c:45:16:BL_u8VerifyCRC	40	static
../Core/Src/Bootloader.c:76:31:BL_MemoryVerfiy	24	static
../Core/Src/Bootloader.c:96:26:BL_FLASHErase	40	static
../Core/Src/Bootloader.c:165:26:BL_FLASHWrite	40	static
../Core/Src/Bootloader.c:204:13:BL_VoidSendAck	24	static
../Core/Src/Bootloader.c:211:13:BL_VoidSendNack	16	static
../Core/Src/Bootloader.c:219:6:BL_VoidHandleGetVerCmd	32	static
../Core/Src/Bootloader.c:248:6:BL_VoidHandleGetHelpCmd	40	static
../Core/Src/Bootloader.c:289:6:BL_VoidHandleGetCIDCmd	32	static
../Core/Src/Bootloader.c:314:6:BL_VoidHandleGetRDPStatusCmd	32	static
../Core/Src/Bootloader.c:341:6:BL_VoidHandleGoToAddrCmd	40	static
../Core/Src/Bootloader.c:393:6:BL_VoidHandleFlashEraseCmd	32	static
../Core/Src/Bootloader.c:430:6:BL_VoidHandleMemWriteCmd	40	static
../Core/Src/Bootloader.c:498:6:BL_VoidHandleEnRWProtectCmd	16	static
../Core/Src/Bootloader.c:503:6:BL_VoidHandleMemReadCmd	16	static
../Core/Src/Bootloader.c:508:6:BL_VoidHandleReadSectorPStatusCmd	16	static
../Core/Src/Bootloader.c:513:6:BL_VoidHandleOTPRreadCmd	16	static
../Core/Src/Bootloader.c:518:6:BL_VoidHandleDisRWProtectCmd	16	static
../Core/Src/Bootloader.c:523:6:BL_VoidJumpToUserApp	32	static,ignoring_inline_asm
